Archive member included to satisfy reference by file (symbol)

d:/program files/gnu arm embedded toolchain/10 2021.10/bin/../lib/gcc/arm-none-eabi/10.3.1/../../../../arm-none-eabi/lib/thumb/v7-m/nofp\libg.a(lib_a-errno.o)
                              CMakeFiles/OLED.elf.dir/Core/Src/syscalls.c.obj (__errno)
d:/program files/gnu arm embedded toolchain/10 2021.10/bin/../lib/gcc/arm-none-eabi/10.3.1/../../../../arm-none-eabi/lib/thumb/v7-m/nofp\libg.a(lib_a-exit.o)
                              d:/program files/gnu arm embedded toolchain/10 2021.10/bin/../lib/gcc/arm-none-eabi/10.3.1/../../../../arm-none-eabi/lib/thumb/v7-m/nofp/crt0.o (exit)
d:/program files/gnu arm embedded toolchain/10 2021.10/bin/../lib/gcc/arm-none-eabi/10.3.1/../../../../arm-none-eabi/lib/thumb/v7-m/nofp\libg.a(lib_a-impure.o)
                              d:/program files/gnu arm embedded toolchain/10 2021.10/bin/../lib/gcc/arm-none-eabi/10.3.1/../../../../arm-none-eabi/lib/thumb/v7-m/nofp\libg.a(lib_a-exit.o) (_global_impure_ptr)
d:/program files/gnu arm embedded toolchain/10 2021.10/bin/../lib/gcc/arm-none-eabi/10.3.1/../../../../arm-none-eabi/lib/thumb/v7-m/nofp\libg.a(lib_a-init.o)
                              d:/program files/gnu arm embedded toolchain/10 2021.10/bin/../lib/gcc/arm-none-eabi/10.3.1/../../../../arm-none-eabi/lib/thumb/v7-m/nofp/crt0.o (__libc_init_array)
d:/program files/gnu arm embedded toolchain/10 2021.10/bin/../lib/gcc/arm-none-eabi/10.3.1/../../../../arm-none-eabi/lib/thumb/v7-m/nofp\libg.a(lib_a-memset.o)
                              d:/program files/gnu arm embedded toolchain/10 2021.10/bin/../lib/gcc/arm-none-eabi/10.3.1/../../../../arm-none-eabi/lib/thumb/v7-m/nofp/crt0.o (memset)
d:/program files/gnu arm embedded toolchain/10 2021.10/bin/../lib/gcc/arm-none-eabi/10.3.1/../../../../arm-none-eabi/lib/thumb/v7-m/nofp\libg.a(lib_a-__call_atexit.o)
                              d:/program files/gnu arm embedded toolchain/10 2021.10/bin/../lib/gcc/arm-none-eabi/10.3.1/../../../../arm-none-eabi/lib/thumb/v7-m/nofp\libg.a(lib_a-exit.o) (__call_exitprocs)
d:/program files/gnu arm embedded toolchain/10 2021.10/bin/../lib/gcc/arm-none-eabi/10.3.1/../../../../arm-none-eabi/lib/thumb/v7-m/nofp\libg.a(lib_a-atexit.o)
                              d:/program files/gnu arm embedded toolchain/10 2021.10/bin/../lib/gcc/arm-none-eabi/10.3.1/../../../../arm-none-eabi/lib/thumb/v7-m/nofp\libg.a(lib_a-__call_atexit.o) (atexit)
d:/program files/gnu arm embedded toolchain/10 2021.10/bin/../lib/gcc/arm-none-eabi/10.3.1/../../../../arm-none-eabi/lib/thumb/v7-m/nofp\libg.a(lib_a-fini.o)
                              d:/program files/gnu arm embedded toolchain/10 2021.10/bin/../lib/gcc/arm-none-eabi/10.3.1/../../../../arm-none-eabi/lib/thumb/v7-m/nofp\libg.a(lib_a-__call_atexit.o) (__libc_fini_array)
d:/program files/gnu arm embedded toolchain/10 2021.10/bin/../lib/gcc/arm-none-eabi/10.3.1/../../../../arm-none-eabi/lib/thumb/v7-m/nofp\libg.a(lib_a-lock.o)
                              d:/program files/gnu arm embedded toolchain/10 2021.10/bin/../lib/gcc/arm-none-eabi/10.3.1/../../../../arm-none-eabi/lib/thumb/v7-m/nofp\libg.a(lib_a-__call_atexit.o) (__retarget_lock_acquire_recursive)
d:/program files/gnu arm embedded toolchain/10 2021.10/bin/../lib/gcc/arm-none-eabi/10.3.1/../../../../arm-none-eabi/lib/thumb/v7-m/nofp\libg.a(lib_a-__atexit.o)
                              d:/program files/gnu arm embedded toolchain/10 2021.10/bin/../lib/gcc/arm-none-eabi/10.3.1/../../../../arm-none-eabi/lib/thumb/v7-m/nofp\libg.a(lib_a-atexit.o) (__register_exitproc)

Discarded input sections

 .text          0x00000000        0x0 d:/program files/gnu arm embedded toolchain/10 2021.10/bin/../lib/gcc/arm-none-eabi/10.3.1/thumb/v7-m/nofp/crti.o
 .data          0x00000000        0x0 d:/program files/gnu arm embedded toolchain/10 2021.10/bin/../lib/gcc/arm-none-eabi/10.3.1/thumb/v7-m/nofp/crti.o
 .bss           0x00000000        0x0 d:/program files/gnu arm embedded toolchain/10 2021.10/bin/../lib/gcc/arm-none-eabi/10.3.1/thumb/v7-m/nofp/crti.o
 .data          0x00000000        0x4 d:/program files/gnu arm embedded toolchain/10 2021.10/bin/../lib/gcc/arm-none-eabi/10.3.1/thumb/v7-m/nofp/crtbegin.o
 .rodata        0x00000000       0x24 d:/program files/gnu arm embedded toolchain/10 2021.10/bin/../lib/gcc/arm-none-eabi/10.3.1/thumb/v7-m/nofp/crtbegin.o
 .text          0x00000000       0x7c d:/program files/gnu arm embedded toolchain/10 2021.10/bin/../lib/gcc/arm-none-eabi/10.3.1/../../../../arm-none-eabi/lib/thumb/v7-m/nofp/crt0.o
 .data          0x00000000        0x0 d:/program files/gnu arm embedded toolchain/10 2021.10/bin/../lib/gcc/arm-none-eabi/10.3.1/../../../../arm-none-eabi/lib/thumb/v7-m/nofp/crt0.o
 .bss           0x00000000        0x0 d:/program files/gnu arm embedded toolchain/10 2021.10/bin/../lib/gcc/arm-none-eabi/10.3.1/../../../../arm-none-eabi/lib/thumb/v7-m/nofp/crt0.o
[...]
Memory Configuration

Name             Origin             Length             Attributes
RAM              0x20000000         0x00002800         xrw
FLASH            0x08000000         0x00008000         xr
*default*        0x00000000         0xffffffff

Linker script and memory map

LOAD d:/program files/gnu arm embedded toolchain/10 2021.10/bin/../lib/gcc/arm-none-eabi/10.3.1/thumb/v7-m/nofp/crti.o
LOAD d:/program files/gnu arm embedded toolchain/10 2021.10/bin/../lib/gcc/arm-none-eabi/10.3.1/thumb/v7-m/nofp/crtbegin.o
LOAD d:/program files/gnu arm embedded toolchain/10 2021.10/bin/../lib/gcc/arm-none-eabi/10.3.1/../../../../arm-none-eabi/lib/thumb/v7-m/nofp/crt0.o
LOAD CMakeFiles/OLED.elf.dir/Core/Src/gpio.c.obj
LOAD CMakeFiles/OLED.elf.dir/Core/Src/main.c.obj
LOAD CMakeFiles/OLED.elf.dir/Core/Src/stm32f1xx_hal_msp.c.obj
LOAD CMakeFiles/OLED.elf.dir/Core/Src/stm32f1xx_hal_timebase_tim.c.obj
LOAD CMakeFiles/OLED.elf.dir/Core/Src/stm32f1xx_it.c.obj
LOAD CMakeFiles/OLED.elf.dir/Core/Src/syscalls.c.obj
LOAD CMakeFiles/OLED.elf.dir/Core/Src/sysmem.c.obj
LOAD CMakeFiles/OLED.elf.dir/Core/Src/system_stm32f1xx.c.obj
LOAD CMakeFiles/OLED.elf.dir/Core/Startup/startup_stm32f103c6tx.s.obj
LOAD CMakeFiles/OLED.elf.dir/Drivers/STM32F1xx_HAL_Driver/Src/stm32f1xx_hal.c.obj
LOAD CMakeFiles/OLED.elf.dir/Drivers/STM32F1xx_HAL_Driver/Src/stm32f1xx_hal_cortex.c.obj
LOAD CMakeFiles/OLED.elf.dir/Drivers/STM32F1xx_HAL_Driver/Src/stm32f1xx_hal_dma.c.obj
LOAD CMakeFiles/OLED.elf.dir/Drivers/STM32F1xx_HAL_Driver/Src/stm32f1xx_hal_exti.c.obj
LOAD CMakeFiles/OLED.elf.dir/Drivers/STM32F1xx_HAL_Driver/Src/stm32f1xx_hal_flash.c.obj
LOAD CMakeFiles/OLED.elf.dir/Drivers/STM32F1xx_HAL_Driver/Src/stm32f1xx_hal_flash_ex.c.obj
LOAD CMakeFiles/OLED.elf.dir/Drivers/STM32F1xx_HAL_Driver/Src/stm32f1xx_hal_gpio.c.obj
LOAD CMakeFiles/OLED.elf.dir/Drivers/STM32F1xx_HAL_Driver/Src/stm32f1xx_hal_gpio_ex.c.obj
LOAD CMakeFiles/OLED.elf.dir/Drivers/STM32F1xx_HAL_Driver/Src/stm32f1xx_hal_pwr.c.obj
LOAD CMakeFiles/OLED.elf.dir/Drivers/STM32F1xx_HAL_Driver/Src/stm32f1xx_hal_rcc.c.obj
LOAD CMakeFiles/OLED.elf.dir/Drivers/STM32F1xx_HAL_Driver/Src/stm32f1xx_hal_rcc_ex.c.obj
LOAD CMakeFiles/OLED.elf.dir/Drivers/STM32F1xx_HAL_Driver/Src/stm32f1xx_hal_tim.c.obj
LOAD CMakeFiles/OLED.elf.dir/Drivers/STM32F1xx_HAL_Driver/Src/stm32f1xx_hal_tim_ex.c.obj
LOAD CMakeFiles/OLED.elf.dir/Middlewares/Third_Party/RealThread_RTOS_RT-Thread/bsp/board.c.obj
LOAD CMakeFiles/OLED.elf.dir/Middlewares/Third_Party/RealThread_RTOS_RT-Thread/components/finsh/cmd.c.obj
LOAD CMakeFiles/OLED.elf.dir/Middlewares/Third_Party/RealThread_RTOS_RT-Thread/components/finsh/msh.c.obj
LOAD CMakeFiles/OLED.elf.dir/Middlewares/Third_Party/RealThread_RTOS_RT-Thread/components/finsh/shell.c.obj
LOAD CMakeFiles/OLED.elf.dir/Middlewares/Third_Party/RealThread_RTOS_RT-Thread/libcpu/arm/cortex-m3/context_gcc.S.obj
LOAD CMakeFiles/OLED.elf.dir/Middlewares/Third_Party/RealThread_RTOS_RT-Thread/libcpu/arm/cortex-m3/cpuport.c.obj
LOAD CMakeFiles/OLED.elf.dir/Middlewares/Third_Party/RealThread_RTOS_RT-Thread/src/clock.c.obj
LOAD CMakeFiles/OLED.elf.dir/Middlewares/Third_Party/RealThread_RTOS_RT-Thread/src/components.c.obj
LOAD CMakeFiles/OLED.elf.dir/Middlewares/Third_Party/RealThread_RTOS_RT-Thread/src/idle.c.obj
LOAD CMakeFiles/OLED.elf.dir/Middlewares/Third_Party/RealThread_RTOS_RT-Thread/src/ipc.c.obj
LOAD CMakeFiles/OLED.elf.dir/Middlewares/Third_Party/RealThread_RTOS_RT-Thread/src/irq.c.obj
LOAD CMakeFiles/OLED.elf.dir/Middlewares/Third_Party/RealThread_RTOS_RT-Thread/src/kservice.c.obj
LOAD CMakeFiles/OLED.elf.dir/Middlewares/Third_Party/RealThread_RTOS_RT-Thread/src/mem.c.obj
LOAD CMakeFiles/OLED.elf.dir/Middlewares/Third_Party/RealThread_RTOS_RT-Thread/src/object.c.obj
LOAD CMakeFiles/OLED.elf.dir/Middlewares/Third_Party/RealThread_RTOS_RT-Thread/src/scheduler.c.obj
LOAD CMakeFiles/OLED.elf.dir/Middlewares/Third_Party/RealThread_RTOS_RT-Thread/src/thread.c.obj
LOAD CMakeFiles/OLED.elf.dir/Middlewares/Third_Party/RealThread_RTOS_RT-Thread/src/timer.c.obj
START GROUP
LOAD d:/program files/gnu arm embedded toolchain/10 2021.10/bin/../lib/gcc/arm-none-eabi/10.3.1/thumb/v7-m/nofp\libgcc.a
LOAD d:/program files/gnu arm embedded toolchain/10 2021.10/bin/../lib/gcc/arm-none-eabi/10.3.1/../../../../arm-none-eabi/lib/thumb/v7-m/nofp\libg.a
LOAD d:/program files/gnu arm embedded toolchain/10 2021.10/bin/../lib/gcc/arm-none-eabi/10.3.1/../../../../arm-none-eabi/lib/thumb/v7-m/nofp\libc.a
END GROUP
LOAD d:/program files/gnu arm embedded toolchain/10 2021.10/bin/../lib/gcc/arm-none-eabi/10.3.1/thumb/v7-m/nofp/crtend.o
LOAD d:/program files/gnu arm embedded toolchain/10 2021.10/bin/../lib/gcc/arm-none-eabi/10.3.1/thumb/v7-m/nofp/crtn.o
                0x20002800                _estack = (ORIGIN (RAM) + LENGTH (RAM))
                0x00000200                _Min_Heap_Size = 0x200
                0x00000400                _Min_Stack_Size = 0x400

.isr_vector     0x08000000      0x10c
                0x08000000                . = ALIGN (0x4)
 *(.isr_vector)
 .isr_vector    0x08000000      0x10c CMakeFiles/OLED.elf.dir/Core/Startup/startup_stm32f103c6tx.s.obj
                0x08000000                g_pfnVectors
                0x0800010c                . = ALIGN (0x4)

.text           0x0800010c     0x17a0
                0x0800010c                . = ALIGN (0x4)
 *(.text)
 .text          0x0800010c       0x40 d:/program files/gnu arm embedded toolchain/10 2021.10/bin/../lib/gcc/arm-none-eabi/10.3.1/thumb/v7-m/nofp/crtbegin.o
 .text          0x0800014c      0x100 CMakeFiles/OLED.elf.dir/Middlewares/Third_Party/RealThread_RTOS_RT-Thread/libcpu/arm/cortex-m3/context_gcc.S.obj
                0x0800014c                rt_hw_interrupt_disable
                0x08000154                rt_hw_interrupt_enable
                0x0800015a                rt_hw_context_switch_interrupt
                0x0800015a                rt_hw_context_switch
                0x0800017a                PendSV_Handler
                0x080001b6                rt_hw_context_switch_to
                0x080001f2                rt_hw_interrupt_thread_switch
                0x080001f6                HardFault_Handler
                0x0800022c                rt_hw_interrupt_check
 *(.text*)
 .text.MX_GPIO_Init
                0x0800024c       0x30 CMakeFiles/OLED.elf.dir/Core/Src/gpio.c.obj
                0x0800024c                MX_GPIO_Init
 .text.HAL_TIM_PeriodElapsedCallback
                0x0800027c       0x18 CMakeFiles/OLED.elf.dir/Core/Src/main.c.obj
                0x0800027c                HAL_TIM_PeriodElapsedCallback
 .text.Error_Handler
                0x08000294        0x4 CMakeFiles/OLED.elf.dir/Core/Src/main.c.obj
                0x08000294                Error_Handler
 .text.SystemClock_Config
                0x08000298       0x64 CMakeFiles/OLED.elf.dir/Core/Src/main.c.obj
                0x08000298                SystemClock_Config
 .text.main     0x080002fc       0x10 CMakeFiles/OLED.elf.dir/Core/Src/main.c.obj
                0x080002fc                main
 .text.HAL_MspInit
                0x0800030c       0x44 CMakeFiles/OLED.elf.dir/Core/Src/stm32f1xx_hal_msp.c.obj
                0x0800030c                HAL_MspInit
 .text.HAL_InitTick
                0x08000350       0x94 CMakeFiles/OLED.elf.dir/Core/Src/stm32f1xx_hal_timebase_tim.c.obj
                0x08000350                HAL_InitTick
 .text.NMI_Handler
                0x080003e4        0x2 CMakeFiles/OLED.elf.dir/Core/Src/stm32f1xx_it.c.obj
                0x080003e4                NMI_Handler
 .text.MemManage_Handler
                0x080003e6        0x2 CMakeFiles/OLED.elf.dir/Core/Src/stm32f1xx_it.c.obj
                0x080003e6                MemManage_Handler
 .text.BusFault_Handler
                0x080003e8        0x2 CMakeFiles/OLED.elf.dir/Core/Src/stm32f1xx_it.c.obj
                0x080003e8                BusFault_Handler
 .text.UsageFault_Handler
                0x080003ea        0x2 CMakeFiles/OLED.elf.dir/Core/Src/stm32f1xx_it.c.obj
                0x080003ea                UsageFault_Handler
 .text.DebugMon_Handler
                0x080003ec        0x2 CMakeFiles/OLED.elf.dir/Core/Src/stm32f1xx_it.c.obj
                0x080003ec                DebugMon_Handler
 *fill*         0x080003ee        0x2 
 .text.TIM1_UP_IRQHandler
                0x080003f0       0x10 CMakeFiles/OLED.elf.dir/Core/Src/stm32f1xx_it.c.obj
                0x080003f0                TIM1_UP_IRQHandler
 .text.SystemInit
                0x08000400        0x2 CMakeFiles/OLED.elf.dir/Core/Src/system_stm32f1xx.c.obj
                0x08000400                SystemInit
 *fill*         0x08000402        0x2 
 .text.Reset_Handler
                0x08000404       0x48 CMakeFiles/OLED.elf.dir/Core/Startup/startup_stm32f103c6tx.s.obj
                0x08000404                Reset_Handler
 .text.Default_Handler
                0x0800044c        0x2 CMakeFiles/OLED.elf.dir/Core/Startup/startup_stm32f103c6tx.s.obj
                0x0800044c                RTC_Alarm_IRQHandler
                0x0800044c                EXTI2_IRQHandler
                0x0800044c                TIM1_CC_IRQHandler
                0x0800044c                PVD_IRQHandler
                0x0800044c                EXTI3_IRQHandler
                0x0800044c                EXTI0_IRQHandler
                0x0800044c                ADC1_2_IRQHandler
                0x0800044c                SPI1_IRQHandler
                0x0800044c                TAMPER_IRQHandler
                0x0800044c                DMA1_Channel4_IRQHandler
                0x0800044c                RTC_IRQHandler
                0x0800044c                DMA1_Channel7_IRQHandler
                0x0800044c                CAN1_RX1_IRQHandler
                0x0800044c                I2C1_EV_IRQHandler
                0x0800044c                DMA1_Channel6_IRQHandler
                0x0800044c                TIM3_IRQHandler
                0x0800044c                RCC_IRQHandler
                0x0800044c                TIM1_TRG_COM_IRQHandler
                0x0800044c                DMA1_Channel1_IRQHandler
                0x0800044c                Default_Handler
                0x0800044c                EXTI15_10_IRQHandler
                0x0800044c                EXTI9_5_IRQHandler
                0x0800044c                SVC_Handler
                0x0800044c                DMA1_Channel5_IRQHandler
                0x0800044c                EXTI4_IRQHandler
                0x0800044c                USB_LP_CAN1_RX0_IRQHandler
                0x0800044c                USB_HP_CAN1_TX_IRQHandler
                0x0800044c                DMA1_Channel3_IRQHandler
                0x0800044c                WWDG_IRQHandler
                0x0800044c                TIM2_IRQHandler
                0x0800044c                TIM1_BRK_IRQHandler
                0x0800044c                EXTI1_IRQHandler
                0x0800044c                USART2_IRQHandler
                0x0800044c                DMA1_Channel2_IRQHandler
                0x0800044c                CAN1_SCE_IRQHandler
                0x0800044c                FLASH_IRQHandler
                0x0800044c                USART1_IRQHandler
                0x0800044c                I2C1_ER_IRQHandler
                0x0800044c                USBWakeUp_IRQHandler
 *fill*         0x0800044e        0x2 
 .text.HAL_Init
                0x08000450       0x24 CMakeFiles/OLED.elf.dir/Drivers/STM32F1xx_HAL_Driver/Src/stm32f1xx_hal.c.obj
                0x08000450                HAL_Init
 .text.HAL_IncTick
                0x08000474       0x18 CMakeFiles/OLED.elf.dir/Drivers/STM32F1xx_HAL_Driver/Src/stm32f1xx_hal.c.obj
                0x08000474                HAL_IncTick
 .text.HAL_GetTick
                0x0800048c        0xc CMakeFiles/OLED.elf.dir/Drivers/STM32F1xx_HAL_Driver/Src/stm32f1xx_hal.c.obj
                0x0800048c                HAL_GetTick
 .text.HAL_NVIC_SetPriorityGrouping
                0x08000498       0x24 CMakeFiles/OLED.elf.dir/Drivers/STM32F1xx_HAL_Driver/Src/stm32f1xx_hal_cortex.c.obj
                0x08000498                HAL_NVIC_SetPriorityGrouping
 .text.HAL_NVIC_SetPriority
                0x080004bc       0x70 CMakeFiles/OLED.elf.dir/Drivers/STM32F1xx_HAL_Driver/Src/stm32f1xx_hal_cortex.c.obj
                0x080004bc                HAL_NVIC_SetPriority
 .text.HAL_NVIC_EnableIRQ
                0x0800052c       0x1c CMakeFiles/OLED.elf.dir/Drivers/STM32F1xx_HAL_Driver/Src/stm32f1xx_hal_cortex.c.obj
                0x0800052c                HAL_NVIC_EnableIRQ
 .text.RCC_Delay
                0x08000548       0x2c CMakeFiles/OLED.elf.dir/Drivers/STM32F1xx_HAL_Driver/Src/stm32f1xx_hal_rcc.c.obj
 .text.HAL_RCC_OscConfig
                0x08000574      0x410 CMakeFiles/OLED.elf.dir/Drivers/STM32F1xx_HAL_Driver/Src/stm32f1xx_hal_rcc.c.obj
                0x08000574                HAL_RCC_OscConfig
 .text.HAL_RCC_GetSysClockFreq
                0x08000984       0x54 CMakeFiles/OLED.elf.dir/Drivers/STM32F1xx_HAL_Driver/Src/stm32f1xx_hal_rcc.c.obj
                0x08000984                HAL_RCC_GetSysClockFreq
 .text.HAL_RCC_ClockConfig
                0x080009d8      0x16c CMakeFiles/OLED.elf.dir/Drivers/STM32F1xx_HAL_Driver/Src/stm32f1xx_hal_rcc.c.obj
                0x080009d8                HAL_RCC_ClockConfig
 .text.HAL_RCC_GetHCLKFreq
                0x08000b44        0xc CMakeFiles/OLED.elf.dir/Drivers/STM32F1xx_HAL_Driver/Src/stm32f1xx_hal_rcc.c.obj
                0x08000b44                HAL_RCC_GetHCLKFreq
 .text.HAL_RCC_GetPCLK2Freq
                0x08000b50       0x20 CMakeFiles/OLED.elf.dir/Drivers/STM32F1xx_HAL_Driver/Src/stm32f1xx_hal_rcc.c.obj
                0x08000b50                HAL_RCC_GetPCLK2Freq
 .text.HAL_RCC_GetClockConfig
                0x08000b70       0x3c CMakeFiles/OLED.elf.dir/Drivers/STM32F1xx_HAL_Driver/Src/stm32f1xx_hal_rcc.c.obj
                0x08000b70                HAL_RCC_GetClockConfig
 .text.HAL_TIM_Base_MspInit
                0x08000bac        0x2 CMakeFiles/OLED.elf.dir/Drivers/STM32F1xx_HAL_Driver/Src/stm32f1xx_hal_tim.c.obj
                0x08000bac                HAL_TIM_Base_MspInit
 *fill*         0x08000bae        0x2 
 .text.HAL_TIM_Base_Start_IT
                0x08000bb0       0x60 CMakeFiles/OLED.elf.dir/Drivers/STM32F1xx_HAL_Driver/Src/stm32f1xx_hal_tim.c.obj
                0x08000bb0                HAL_TIM_Base_Start_IT
 .text.HAL_TIM_OC_DelayElapsedCallback
                0x08000c10        0x2 CMakeFiles/OLED.elf.dir/Drivers/STM32F1xx_HAL_Driver/Src/stm32f1xx_hal_tim.c.obj
                0x08000c10                HAL_TIM_OC_DelayElapsedCallback
 .text.HAL_TIM_IC_CaptureCallback
                0x08000c12        0x2 CMakeFiles/OLED.elf.dir/Drivers/STM32F1xx_HAL_Driver/Src/stm32f1xx_hal_tim.c.obj
                0x08000c12                HAL_TIM_IC_CaptureCallback
 .text.HAL_TIM_PWM_PulseFinishedCallback
                0x08000c14        0x2 CMakeFiles/OLED.elf.dir/Drivers/STM32F1xx_HAL_Driver/Src/stm32f1xx_hal_tim.c.obj
                0x08000c14                HAL_TIM_PWM_PulseFinishedCallback
 .text.HAL_TIM_TriggerCallback
                0x08000c16        0x2 CMakeFiles/OLED.elf.dir/Drivers/STM32F1xx_HAL_Driver/Src/stm32f1xx_hal_tim.c.obj
                0x08000c16                HAL_TIM_TriggerCallback
 .text.HAL_TIM_IRQHandler
                0x08000c18      0x15e CMakeFiles/OLED.elf.dir/Drivers/STM32F1xx_HAL_Driver/Src/stm32f1xx_hal_tim.c.obj
                0x08000c18                HAL_TIM_IRQHandler
 *fill*         0x08000d76        0x2 
 .text.TIM_Base_SetConfig
                0x08000d78       0x74 CMakeFiles/OLED.elf.dir/Drivers/STM32F1xx_HAL_Driver/Src/stm32f1xx_hal_tim.c.obj
                0x08000d78                TIM_Base_SetConfig
 .text.HAL_TIM_Base_Init
                0x08000dec       0x58 CMakeFiles/OLED.elf.dir/Drivers/STM32F1xx_HAL_Driver/Src/stm32f1xx_hal_tim.c.obj
                0x08000dec                HAL_TIM_Base_Init
 .text.HAL_TIMEx_CommutCallback
                0x08000e44        0x2 CMakeFiles/OLED.elf.dir/Drivers/STM32F1xx_HAL_Driver/Src/stm32f1xx_hal_tim_ex.c.obj
                0x08000e44                HAL_TIMEx_CommutCallback
 .text.HAL_TIMEx_BreakCallback
                0x08000e46        0x2 CMakeFiles/OLED.elf.dir/Drivers/STM32F1xx_HAL_Driver/Src/stm32f1xx_hal_tim_ex.c.obj
                0x08000e46                HAL_TIMEx_BreakCallback
 .text.SysTick_Handler
                0x08000e48       0x10 CMakeFiles/OLED.elf.dir/Middlewares/Third_Party/RealThread_RTOS_RT-Thread/bsp/board.c.obj
                0x08000e48                SysTick_Handler
 .text.rt_hw_hard_fault_exception
                0x08000e58       0xfc CMakeFiles/OLED.elf.dir/Middlewares/Third_Party/RealThread_RTOS_RT-Thread/libcpu/arm/cortex-m3/cpuport.c.obj
                0x08000e58                rt_hw_hard_fault_exception
 .text.rt_tick_get
                0x08000f54        0xc CMakeFiles/OLED.elf.dir/Middlewares/Third_Party/RealThread_RTOS_RT-Thread/src/clock.c.obj
                0x08000f54                rt_tick_get
 .text.rt_tick_increase
                0x08000f60       0x2c CMakeFiles/OLED.elf.dir/Middlewares/Third_Party/RealThread_RTOS_RT-Thread/src/clock.c.obj
                0x08000f60                rt_tick_increase
 .text.rt_interrupt_enter
                0x08000f8c       0x1c CMakeFiles/OLED.elf.dir/Middlewares/Third_Party/RealThread_RTOS_RT-Thread/src/irq.c.obj
                0x08000f8c                rt_interrupt_enter
 .text.rt_interrupt_leave
                0x08000fa8       0x1c CMakeFiles/OLED.elf.dir/Middlewares/Third_Party/RealThread_RTOS_RT-Thread/src/irq.c.obj
                0x08000fa8                rt_interrupt_leave
 .text.print_number
                0x08000fc4      0x16c CMakeFiles/OLED.elf.dir/Middlewares/Third_Party/RealThread_RTOS_RT-Thread/src/kservice.c.obj
 .text.rt_strlen
                0x08001130       0x10 CMakeFiles/OLED.elf.dir/Middlewares/Third_Party/RealThread_RTOS_RT-Thread/src/kservice.c.obj
                0x08001130                rt_strlen
 .text.rt_vsnprintf
                0x08001140      0x2ec CMakeFiles/OLED.elf.dir/Middlewares/Third_Party/RealThread_RTOS_RT-Thread/src/kservice.c.obj
                0x08001140                rt_vsnprintf
 .text.rt_hw_console_output
                0x0800142c        0x2 CMakeFiles/OLED.elf.dir/Middlewares/Third_Party/RealThread_RTOS_RT-Thread/src/kservice.c.obj
                0x0800142c                rt_hw_console_output
 *fill*         0x0800142e        0x2 
 .text.rt_kprintf
                0x08001430       0x2c CMakeFiles/OLED.elf.dir/Middlewares/Third_Party/RealThread_RTOS_RT-Thread/src/kservice.c.obj
                0x08001430                rt_kprintf
 .text.__rt_ffs
                0x0800145c       0x44 CMakeFiles/OLED.elf.dir/Middlewares/Third_Party/RealThread_RTOS_RT-Thread/src/kservice.c.obj
                0x0800145c                __rt_ffs
 .text.rt_schedule
                0x080014a0       0x74 CMakeFiles/OLED.elf.dir/Middlewares/Third_Party/RealThread_RTOS_RT-Thread/src/scheduler.c.obj
                0x080014a0                rt_schedule
 .text.rt_thread_self
                0x08001514        0xc CMakeFiles/OLED.elf.dir/Middlewares/Third_Party/RealThread_RTOS_RT-Thread/src/thread.c.obj
                0x08001514                rt_thread_self
 .text.rt_thread_yield
                0x08001520       0x5c CMakeFiles/OLED.elf.dir/Middlewares/Third_Party/RealThread_RTOS_RT-Thread/src/thread.c.obj
                0x08001520                rt_thread_yield
 .text.rt_timer_start
                0x0800157c       0xc8 CMakeFiles/OLED.elf.dir/Middlewares/Third_Party/RealThread_RTOS_RT-Thread/src/timer.c.obj
                0x0800157c                rt_timer_start
 .text.rt_timer_check
                0x08001644       0x84 CMakeFiles/OLED.elf.dir/Middlewares/Third_Party/RealThread_RTOS_RT-Thread/src/timer.c.obj
                0x08001644                rt_timer_check
 .text.__libc_init_array
                0x080016c8       0x48 d:/program files/gnu arm embedded toolchain/10 2021.10/bin/../lib/gcc/arm-none-eabi/10.3.1/../../../../arm-none-eabi/lib/thumb/v7-m/nofp\libg.a(lib_a-init.o)
                0x080016c8                __libc_init_array
 .text.memset   0x08001710       0xa4 d:/program files/gnu arm embedded toolchain/10 2021.10/bin/../lib/gcc/arm-none-eabi/10.3.1/../../../../arm-none-eabi/lib/thumb/v7-m/nofp\libg.a(lib_a-memset.o)
                0x08001710                memset
 .text.startup.register_fini
                0x080017b4       0x14 d:/program files/gnu arm embedded toolchain/10 2021.10/bin/../lib/gcc/arm-none-eabi/10.3.1/../../../../arm-none-eabi/lib/thumb/v7-m/nofp\libg.a(lib_a-__call_atexit.o)
 .text.atexit   0x080017c8        0xc d:/program files/gnu arm embedded toolchain/10 2021.10/bin/../lib/gcc/arm-none-eabi/10.3.1/../../../../arm-none-eabi/lib/thumb/v7-m/nofp\libg.a(lib_a-atexit.o)
                0x080017c8                atexit
 .text.__libc_fini_array
                0x080017d4       0x2c d:/program files/gnu arm embedded toolchain/10 2021.10/bin/../lib/gcc/arm-none-eabi/10.3.1/../../../../arm-none-eabi/lib/thumb/v7-m/nofp\libg.a(lib_a-fini.o)
                0x080017d4                __libc_fini_array
 .text.__retarget_lock_acquire_recursive
                0x08001800        0x4 d:/program files/gnu arm embedded toolchain/10 2021.10/bin/../lib/gcc/arm-none-eabi/10.3.1/../../../../arm-none-eabi/lib/thumb/v7-m/nofp\libg.a(lib_a-lock.o)
                0x08001800                __retarget_lock_acquire_recursive
 .text.__retarget_lock_release_recursive
                0x08001804        0x4 d:/program files/gnu arm embedded toolchain/10 2021.10/bin/../lib/gcc/arm-none-eabi/10.3.1/../../../../arm-none-eabi/lib/thumb/v7-m/nofp\libg.a(lib_a-lock.o)
                0x08001804                __retarget_lock_release_recursive
 .text.__register_exitproc
                0x08001808       0x8c d:/program files/gnu arm embedded toolchain/10 2021.10/bin/../lib/gcc/arm-none-eabi/10.3.1/../../../../arm-none-eabi/lib/thumb/v7-m/nofp\libg.a(lib_a-__atexit.o)
                0x08001808                __register_exitproc
 *(.glue_7)
 .glue_7        0x08001894        0x0 linker stubs
 *(.glue_7t)
 .glue_7t       0x08001894        0x0 linker stubs
 *(.eh_frame)
 .eh_frame      0x08001894        0x0 d:/program files/gnu arm embedded toolchain/10 2021.10/bin/../lib/gcc/arm-none-eabi/10.3.1/thumb/v7-m/nofp/crtbegin.o
 *(.init)
 .init          0x08001894        0x4 d:/program files/gnu arm embedded toolchain/10 2021.10/bin/../lib/gcc/arm-none-eabi/10.3.1/thumb/v7-m/nofp/crti.o
                0x08001894                _init
 .init          0x08001898        0x8 d:/program files/gnu arm embedded toolchain/10 2021.10/bin/../lib/gcc/arm-none-eabi/10.3.1/thumb/v7-m/nofp/crtn.o
 *(.fini)
 .fini          0x080018a0        0x4 d:/program files/gnu arm embedded toolchain/10 2021.10/bin/../lib/gcc/arm-none-eabi/10.3.1/thumb/v7-m/nofp/crti.o
                0x080018a0                _fini
 .fini          0x080018a4        0x8 d:/program files/gnu arm embedded toolchain/10 2021.10/bin/../lib/gcc/arm-none-eabi/10.3.1/thumb/v7-m/nofp/crtn.o
                0x080018ac                . = ALIGN (0x4)
                0x080018ac                _etext = .

.vfp11_veneer   0x080018ac        0x0
 .vfp11_veneer  0x080018ac        0x0 linker stubs

.v4_bx          0x080018ac        0x0
 .v4_bx         0x080018ac        0x0 linker stubs

.iplt           0x080018ac        0x0
 .iplt          0x080018ac        0x0 d:/program files/gnu arm embedded toolchain/10 2021.10/bin/../lib/gcc/arm-none-eabi/10.3.1/thumb/v7-m/nofp/crtbegin.o

.rodata         0x080018ac      0x29c
                0x080018ac                . = ALIGN (0x4)
 *(.rodata)
 *(.rodata*)
 .rodata.AHBPrescTable
                0x080018ac       0x10 CMakeFiles/OLED.elf.dir/Core/Src/system_stm32f1xx.c.obj
                0x080018ac                AHBPrescTable
 .rodata.APBPrescTable
                0x080018bc        0x8 CMakeFiles/OLED.elf.dir/Core/Src/system_stm32f1xx.c.obj
                0x080018bc                APBPrescTable
 .rodata.aPLLMULFactorTable.1
                0x080018c4       0x10 CMakeFiles/OLED.elf.dir/Drivers/STM32F1xx_HAL_Driver/Src/stm32f1xx_hal_rcc.c.obj
 .rodata.aPredivFactorTable.0
                0x080018d4        0x2 CMakeFiles/OLED.elf.dir/Drivers/STM32F1xx_HAL_Driver/Src/stm32f1xx_hal_rcc.c.obj
 *fill*         0x080018d6        0x2 
 .rodata.rt_hw_hard_fault_exception.str1.4
                0x080018d8      0x13a CMakeFiles/OLED.elf.dir/Middlewares/Third_Party/RealThread_RTOS_RT-Thread/libcpu/arm/cortex-m3/cpuport.c.obj
 *fill*         0x08001a12        0x2 
 .rodata.rt_vsnprintf.str1.4
                0x08001a14        0x7 CMakeFiles/OLED.elf.dir/Middlewares/Third_Party/RealThread_RTOS_RT-Thread/src/kservice.c.obj
 *fill*         0x08001a1b        0x1 
 .rodata.__lowest_bit_bitmap
                0x08001a1c      0x100 CMakeFiles/OLED.elf.dir/Middlewares/Third_Party/RealThread_RTOS_RT-Thread/src/kservice.c.obj
                0x08001a1c                __lowest_bit_bitmap
 .rodata.large_digits.2
                0x08001b1c       0x11 CMakeFiles/OLED.elf.dir/Middlewares/Third_Party/RealThread_RTOS_RT-Thread/src/kservice.c.obj
 *fill*         0x08001b2d        0x3 
 .rodata.small_digits.1
                0x08001b30       0x11 CMakeFiles/OLED.elf.dir/Middlewares/Third_Party/RealThread_RTOS_RT-Thread/src/kservice.c.obj
 *fill*         0x08001b41        0x3 
 .rodata._global_impure_ptr
                0x08001b44        0x4 d:/program files/gnu arm embedded toolchain/10 2021.10/bin/../lib/gcc/arm-none-eabi/10.3.1/../../../../arm-none-eabi/lib/thumb/v7-m/nofp\libg.a(lib_a-impure.o)
                0x08001b44                _global_impure_ptr
                0x08001b48                . = ALIGN (0x4)

.rel.dyn        0x08001b48        0x0
 .rel.iplt      0x08001b48        0x0 d:/program files/gnu arm embedded toolchain/10 2021.10/bin/../lib/gcc/arm-none-eabi/10.3.1/thumb/v7-m/nofp/crtbegin.o

.ARM.extab      0x08001b48        0x0
                0x08001b48                . = ALIGN (0x4)
 *(.ARM.extab* .gnu.linkonce.armextab.*)
                0x08001b48                . = ALIGN (0x4)

.ARM            0x08001b48        0x0
                0x08001b48                . = ALIGN (0x4)
                0x08001b48                __exidx_start = .
 *(.ARM.exidx*)
                0x08001b48                __exidx_end = .
                0x08001b48                . = ALIGN (0x4)

.preinit_array  0x08001b48        0x0
                0x08001b48                . = ALIGN (0x4)
                0x08001b48                PROVIDE (__preinit_array_start = .)
 *(.preinit_array*)
                0x08001b48                PROVIDE (__preinit_array_end = .)
                0x08001b48                . = ALIGN (0x4)

.init_array     0x08001b48        0x8
                0x08001b48                . = ALIGN (0x4)
                0x08001b48                PROVIDE (__init_array_start = .)
 *(SORT_BY_NAME(.init_array.*))
 .init_array.00000
                0x08001b48        0x4 d:/program files/gnu arm embedded toolchain/10 2021.10/bin/../lib/gcc/arm-none-eabi/10.3.1/../../../../arm-none-eabi/lib/thumb/v7-m/nofp\libg.a(lib_a-__call_atexit.o)
 *(.init_array*)
 .init_array    0x08001b4c        0x4 d:/program files/gnu arm embedded toolchain/10 2021.10/bin/../lib/gcc/arm-none-eabi/10.3.1/thumb/v7-m/nofp/crtbegin.o
                0x08001b50                PROVIDE (__init_array_end = .)
                0x08001b50                . = ALIGN (0x4)

.fini_array     0x08001b50        0x4
                0x08001b50                . = ALIGN (0x4)
                0x08001b50                PROVIDE (__fini_array_start = .)
 *(SORT_BY_NAME(.fini_array.*))
 *(.fini_array*)
 .fini_array    0x08001b50        0x4 d:/program files/gnu arm embedded toolchain/10 2021.10/bin/../lib/gcc/arm-none-eabi/10.3.1/thumb/v7-m/nofp/crtbegin.o
                0x08001b54                PROVIDE (__fini_array_end = .)
                0x08001b54                . = ALIGN (0x4)
                0x08001b54                _sidata = LOADADDR (.data)

.data           0x20000000      0x43c load address 0x08001b54
                0x20000000                . = ALIGN (0x4)
                0x20000000                _sdata = .
 *(.data)
 *(.data*)
 .data.SystemCoreClock
                0x20000000        0x4 CMakeFiles/OLED.elf.dir/Core/Src/system_stm32f1xx.c.obj
                0x20000000                SystemCoreClock
 .data.uwTickFreq
                0x20000004        0x1 CMakeFiles/OLED.elf.dir/Drivers/STM32F1xx_HAL_Driver/Src/stm32f1xx_hal.c.obj
                0x20000004                uwTickFreq
 *fill*         0x20000005        0x3 
 .data.uwTickPrio
                0x20000008        0x4 CMakeFiles/OLED.elf.dir/Drivers/STM32F1xx_HAL_Driver/Src/stm32f1xx_hal.c.obj
                0x20000008                uwTickPrio
 *fill*         0x2000000c        0x4 
 .data.impure_data
                0x20000010      0x428 d:/program files/gnu arm embedded toolchain/10 2021.10/bin/../lib/gcc/arm-none-eabi/10.3.1/../../../../arm-none-eabi/lib/thumb/v7-m/nofp\libg.a(lib_a-impure.o)
 .data.__atexit_recursive_mutex
                0x20000438        0x4 d:/program files/gnu arm embedded toolchain/10 2021.10/bin/../lib/gcc/arm-none-eabi/10.3.1/../../../../arm-none-eabi/lib/thumb/v7-m/nofp\libg.a(lib_a-__call_atexit.o)
                0x20000438                __atexit_recursive_mutex
 *(.RamFunc)
 *(.RamFunc*)
                0x2000043c                . = ALIGN (0x4)
                0x2000043c                _edata = .

.igot.plt       0x2000043c        0x0 load address 0x08001f90
 .igot.plt      0x2000043c        0x0 d:/program files/gnu arm embedded toolchain/10 2021.10/bin/../lib/gcc/arm-none-eabi/10.3.1/thumb/v7-m/nofp/crtbegin.o
                0x2000043c                . = ALIGN (0x4)

.bss            0x2000043c      0x220 load address 0x08001f90
                0x2000043c                _sbss = .
                0x2000043c                __bss_start__ = _sbss
 *(.bss)
 .bss           0x2000043c       0x1c d:/program files/gnu arm embedded toolchain/10 2021.10/bin/../lib/gcc/arm-none-eabi/10.3.1/thumb/v7-m/nofp/crtbegin.o
 *(.bss*)
 .bss.htim1     0x20000458       0x48 CMakeFiles/OLED.elf.dir/Core/Src/stm32f1xx_hal_timebase_tim.c.obj
                0x20000458                htim1
 .bss.uwTick    0x200004a0        0x4 CMakeFiles/OLED.elf.dir/Drivers/STM32F1xx_HAL_Driver/Src/stm32f1xx_hal.c.obj
                0x200004a0                uwTick
 .bss.rt_exception_hook
                0x200004a4        0x4 CMakeFiles/OLED.elf.dir/Middlewares/Third_Party/RealThread_RTOS_RT-Thread/libcpu/arm/cortex-m3/cpuport.c.obj
 .bss.rt_interrupt_from_thread
                0x200004a8        0x4 CMakeFiles/OLED.elf.dir/Middlewares/Third_Party/RealThread_RTOS_RT-Thread/libcpu/arm/cortex-m3/cpuport.c.obj
                0x200004a8                rt_interrupt_from_thread
 .bss.rt_interrupt_to_thread
                0x200004ac        0x4 CMakeFiles/OLED.elf.dir/Middlewares/Third_Party/RealThread_RTOS_RT-Thread/libcpu/arm/cortex-m3/cpuport.c.obj
                0x200004ac                rt_interrupt_to_thread
 .bss.rt_thread_switch_interrupt_flag
                0x200004b0        0x4 CMakeFiles/OLED.elf.dir/Middlewares/Third_Party/RealThread_RTOS_RT-Thread/libcpu/arm/cortex-m3/cpuport.c.obj
                0x200004b0                rt_thread_switch_interrupt_flag
 .bss.rt_tick   0x200004b4        0x4 CMakeFiles/OLED.elf.dir/Middlewares/Third_Party/RealThread_RTOS_RT-Thread/src/clock.c.obj
 .bss.rt_interrupt_nest
                0x200004b8        0x1 CMakeFiles/OLED.elf.dir/Middlewares/Third_Party/RealThread_RTOS_RT-Thread/src/irq.c.obj
                0x200004b8                rt_interrupt_nest
 *fill*         0x200004b9        0x3 
 .bss.rt_log_buf.0
                0x200004bc       0x80 CMakeFiles/OLED.elf.dir/Middlewares/Third_Party/RealThread_RTOS_RT-Thread/src/kservice.c.obj
 .bss.rt_current_priority
                0x2000053c        0x1 CMakeFiles/OLED.elf.dir/Middlewares/Third_Party/RealThread_RTOS_RT-Thread/src/scheduler.c.obj
                0x2000053c                rt_current_priority
 *fill*         0x2000053d        0x3 
 .bss.rt_current_thread
                0x20000540        0x4 CMakeFiles/OLED.elf.dir/Middlewares/Third_Party/RealThread_RTOS_RT-Thread/src/scheduler.c.obj
                0x20000540                rt_current_thread
 .bss.rt_scheduler_lock_nest
                0x20000544        0x2 CMakeFiles/OLED.elf.dir/Middlewares/Third_Party/RealThread_RTOS_RT-Thread/src/scheduler.c.obj
 *fill*         0x20000546        0x2 
 .bss.rt_thread_priority_table
                0x20000548      0x100 CMakeFiles/OLED.elf.dir/Middlewares/Third_Party/RealThread_RTOS_RT-Thread/src/scheduler.c.obj
                0x20000548                rt_thread_priority_table
 .bss.rt_thread_ready_priority_group
                0x20000648        0x4 CMakeFiles/OLED.elf.dir/Middlewares/Third_Party/RealThread_RTOS_RT-Thread/src/scheduler.c.obj
                0x20000648                rt_thread_ready_priority_group
 .bss.random_nr.0
                0x2000064c        0x4 CMakeFiles/OLED.elf.dir/Middlewares/Third_Party/RealThread_RTOS_RT-Thread/src/timer.c.obj
 .bss.rt_timer_list
                0x20000650        0x8 CMakeFiles/OLED.elf.dir/Middlewares/Third_Party/RealThread_RTOS_RT-Thread/src/timer.c.obj
 .bss.__lock___atexit_recursive_mutex
                0x20000658        0x1 d:/program files/gnu arm embedded toolchain/10 2021.10/bin/../lib/gcc/arm-none-eabi/10.3.1/../../../../arm-none-eabi/lib/thumb/v7-m/nofp\libg.a(lib_a-lock.o)
                0x20000658                __lock___atexit_recursive_mutex
 *(COMMON)
                0x2000065c                . = ALIGN (0x4)
 *fill*         0x20000659        0x3 
                0x2000065c                _ebss = .
                0x2000065c                __bss_end__ = _ebss

._user_heap_stack
                0x2000065c      0x604 load address 0x08001f90
                0x20000660                . = ALIGN (0x8)
 *fill*         0x2000065c        0x4 
                [!provide]                PROVIDE (end = .)
                0x20000660                PROVIDE (_end = .)
                0x20000860                . = (. + _Min_Heap_Size)
 *fill*         0x20000660      0x200 
                0x20000c60                . = (. + _Min_Stack_Size)
 *fill*         0x20000860      0x400 
                0x20000c60                . = ALIGN (0x8)

/DISCARD/
 libc.a(*)
 libm.a(*)
 libgcc.a(*)

.ARM.attributes
                0x00000000       0x29
 *(.ARM.attributes)
 .ARM.attributes
                0x00000000       0x1d d:/program files/gnu arm embedded toolchain/10 2021.10/bin/../lib/gcc/arm-none-eabi/10.3.1/thumb/v7-m/nofp/crti.o
 .ARM.attributes
                0x0000001d       0x2d d:/program files/gnu arm embedded toolchain/10 2021.10/bin/../lib/gcc/arm-none-eabi/10.3.1/thumb/v7-m/nofp/crtbegin.o
 .ARM.attributes
                0x0000004a       0x2d CMakeFiles/OLED.elf.dir/Core/Src/gpio.c.obj
 .ARM.attributes
                0x00000077       0x2d CMakeFiles/OLED.elf.dir/Core/Src/main.c.obj
 .ARM.attributes
                0x000000a4       0x2d CMakeFiles/OLED.elf.dir/Core/Src/stm32f1xx_hal_msp.c.obj
 .ARM.attributes
                0x000000d1       0x2d CMakeFiles/OLED.elf.dir/Core/Src/stm32f1xx_hal_timebase_tim.c.obj
 .ARM.attributes
                0x000000fe       0x2d CMakeFiles/OLED.elf.dir/Core/Src/stm32f1xx_it.c.obj
 .ARM.attributes
                0x0000012b       0x2d CMakeFiles/OLED.elf.dir/Core/Src/system_stm32f1xx.c.obj
 .ARM.attributes
                0x00000158       0x21 CMakeFiles/OLED.elf.dir/Core/Startup/startup_stm32f103c6tx.s.obj
 .ARM.attributes
                0x00000179       0x2d CMakeFiles/OLED.elf.dir/Drivers/STM32F1xx_HAL_Driver/Src/stm32f1xx_hal.c.obj
 .ARM.attributes
                0x000001a6       0x2d CMakeFiles/OLED.elf.dir/Drivers/STM32F1xx_HAL_Driver/Src/stm32f1xx_hal_cortex.c.obj
 .ARM.attributes
                0x000001d3       0x2d CMakeFiles/OLED.elf.dir/Drivers/STM32F1xx_HAL_Driver/Src/stm32f1xx_hal_rcc.c.obj
 .ARM.attributes
                0x00000200       0x2d CMakeFiles/OLED.elf.dir/Drivers/STM32F1xx_HAL_Driver/Src/stm32f1xx_hal_tim.c.obj
 .ARM.attributes
                0x0000022d       0x2d CMakeFiles/OLED.elf.dir/Drivers/STM32F1xx_HAL_Driver/Src/stm32f1xx_hal_tim_ex.c.obj
 .ARM.attributes
                0x0000025a       0x2d CMakeFiles/OLED.elf.dir/Middlewares/Third_Party/RealThread_RTOS_RT-Thread/bsp/board.c.obj
 .ARM.attributes
                0x00000287       0x21 CMakeFiles/OLED.elf.dir/Middlewares/Third_Party/RealThread_RTOS_RT-Thread/libcpu/arm/cortex-m3/context_gcc.S.obj
 .ARM.attributes
                0x000002a8       0x2d CMakeFiles/OLED.elf.dir/Middlewares/Third_Party/RealThread_RTOS_RT-Thread/libcpu/arm/cortex-m3/cpuport.c.obj
 .ARM.attributes
                0x000002d5       0x2d CMakeFiles/OLED.elf.dir/Middlewares/Third_Party/RealThread_RTOS_RT-Thread/src/clock.c.obj
 .ARM.attributes
                0x00000302       0x2d CMakeFiles/OLED.elf.dir/Middlewares/Third_Party/RealThread_RTOS_RT-Thread/src/irq.c.obj
 .ARM.attributes
                0x0000032f       0x2d CMakeFiles/OLED.elf.dir/Middlewares/Third_Party/RealThread_RTOS_RT-Thread/src/kservice.c.obj
 .ARM.attributes
                0x0000035c       0x2d CMakeFiles/OLED.elf.dir/Middlewares/Third_Party/RealThread_RTOS_RT-Thread/src/scheduler.c.obj
 .ARM.attributes
                0x00000389       0x2d CMakeFiles/OLED.elf.dir/Middlewares/Third_Party/RealThread_RTOS_RT-Thread/src/thread.c.obj
 .ARM.attributes
                0x000003b6       0x2d CMakeFiles/OLED.elf.dir/Middlewares/Third_Party/RealThread_RTOS_RT-Thread/src/timer.c.obj
 .ARM.attributes
                0x000003e3       0x2d d:/program files/gnu arm embedded toolchain/10 2021.10/bin/../lib/gcc/arm-none-eabi/10.3.1/../../../../arm-none-eabi/lib/thumb/v7-m/nofp\libg.a(lib_a-impure.o)
 .ARM.attributes
                0x00000410       0x2d d:/program files/gnu arm embedded toolchain/10 2021.10/bin/../lib/gcc/arm-none-eabi/10.3.1/../../../../arm-none-eabi/lib/thumb/v7-m/nofp\libg.a(lib_a-init.o)
 .ARM.attributes
                0x0000043d       0x2d d:/program files/gnu arm embedded toolchain/10 2021.10/bin/../lib/gcc/arm-none-eabi/10.3.1/../../../../arm-none-eabi/lib/thumb/v7-m/nofp\libg.a(lib_a-memset.o)
 .ARM.attributes
                0x0000046a       0x2d d:/program files/gnu arm embedded toolchain/10 2021.10/bin/../lib/gcc/arm-none-eabi/10.3.1/../../../../arm-none-eabi/lib/thumb/v7-m/nofp\libg.a(lib_a-__call_atexit.o)
 .ARM.attributes
                0x00000497       0x2d d:/program files/gnu arm embedded toolchain/10 2021.10/bin/../lib/gcc/arm-none-eabi/10.3.1/../../../../arm-none-eabi/lib/thumb/v7-m/nofp\libg.a(lib_a-atexit.o)
 .ARM.attributes
                0x000004c4       0x2d d:/program files/gnu arm embedded toolchain/10 2021.10/bin/../lib/gcc/arm-none-eabi/10.3.1/../../../../arm-none-eabi/lib/thumb/v7-m/nofp\libg.a(lib_a-fini.o)
 .ARM.attributes
                0x000004f1       0x2d d:/program files/gnu arm embedded toolchain/10 2021.10/bin/../lib/gcc/arm-none-eabi/10.3.1/../../../../arm-none-eabi/lib/thumb/v7-m/nofp\libg.a(lib_a-lock.o)
 .ARM.attributes
                0x0000051e       0x2d d:/program files/gnu arm embedded toolchain/10 2021.10/bin/../lib/gcc/arm-none-eabi/10.3.1/../../../../arm-none-eabi/lib/thumb/v7-m/nofp\libg.a(lib_a-__atexit.o)
 .ARM.attributes
                0x0000054b       0x1d d:/program files/gnu arm embedded toolchain/10 2021.10/bin/../lib/gcc/arm-none-eabi/10.3.1/thumb/v7-m/nofp/crtn.o
OUTPUT(OLED.elf elf32-littlearm)
LOAD linker stubs
LOAD d:/program files/gnu arm embedded toolchain/10 2021.10/bin/../lib/gcc/arm-none-eabi/10.3.1/../../../../arm-none-eabi/lib/thumb/v7-m/nofp\libc.a
LOAD d:/program files/gnu arm embedded toolchain/10 2021.10/bin/../lib/gcc/arm-none-eabi/10.3.1/../../../../arm-none-eabi/lib/thumb/v7-m/nofp\libm.a
LOAD d:/program files/gnu arm embedded toolchain/10 2021.10/bin/../lib/gcc/arm-none-eabi/10.3.1/thumb/v7-m/nofp\libgcc.a

.debug_info     0x00000000     0xd702
 .debug_info    0x00000000      0x17c CMakeFiles/OLED.elf.dir/Core/Src/gpio.c.obj
 .debug_info    0x0000017c      0x8c8 CMakeFiles/OLED.elf.dir/Core/Src/main.c.obj
 .debug_info    0x00000a44      0x211 CMakeFiles/OLED.elf.dir/Core/Src/stm32f1xx_hal_msp.c.obj
 .debug_info    0x00000c55      0xa13 CMakeFiles/OLED.elf.dir/Core/Src/stm32f1xx_hal_timebase_tim.c.obj
 .debug_info    0x00001668      0x69c CMakeFiles/OLED.elf.dir/Core/Src/stm32f1xx_it.c.obj
 .debug_info    0x00001d04      0x248 CMakeFiles/OLED.elf.dir/Core/Src/system_stm32f1xx.c.obj
 .debug_info    0x00001f4c       0x22 CMakeFiles/OLED.elf.dir/Core/Startup/startup_stm32f103c6tx.s.obj
 .debug_info    0x00001f6e      0x78a CMakeFiles/OLED.elf.dir/Drivers/STM32F1xx_HAL_Driver/Src/stm32f1xx_hal.c.obj
 .debug_info    0x000026f8      0xd6c CMakeFiles/OLED.elf.dir/Drivers/STM32F1xx_HAL_Driver/Src/stm32f1xx_hal_cortex.c.obj
 .debug_info    0x00003464      0xa3b CMakeFiles/OLED.elf.dir/Drivers/STM32F1xx_HAL_Driver/Src/stm32f1xx_hal_rcc.c.obj
 .debug_info    0x00003e9f     0x3d7c CMakeFiles/OLED.elf.dir/Drivers/STM32F1xx_HAL_Driver/Src/stm32f1xx_hal_tim.c.obj
 .debug_info    0x00007c1b     0x1abb CMakeFiles/OLED.elf.dir/Drivers/STM32F1xx_HAL_Driver/Src/stm32f1xx_hal_tim_ex.c.obj
 .debug_info    0x000096d6      0x181 CMakeFiles/OLED.elf.dir/Middlewares/Third_Party/RealThread_RTOS_RT-Thread/bsp/board.c.obj
 .debug_info    0x00009857       0x26 CMakeFiles/OLED.elf.dir/Middlewares/Third_Party/RealThread_RTOS_RT-Thread/libcpu/arm/cortex-m3/context_gcc.S.obj
 .debug_info    0x0000987d      0x568 CMakeFiles/OLED.elf.dir/Middlewares/Third_Party/RealThread_RTOS_RT-Thread/libcpu/arm/cortex-m3/cpuport.c.obj
 .debug_info    0x00009de5      0x46e CMakeFiles/OLED.elf.dir/Middlewares/Third_Party/RealThread_RTOS_RT-Thread/src/clock.c.obj
 .debug_info    0x0000a253      0x14a CMakeFiles/OLED.elf.dir/Middlewares/Third_Party/RealThread_RTOS_RT-Thread/src/irq.c.obj
 .debug_info    0x0000a39d     0x11cd CMakeFiles/OLED.elf.dir/Middlewares/Third_Party/RealThread_RTOS_RT-Thread/src/kservice.c.obj
 .debug_info    0x0000b56a      0x7cf CMakeFiles/OLED.elf.dir/Middlewares/Third_Party/RealThread_RTOS_RT-Thread/src/scheduler.c.obj
 .debug_info    0x0000bd39      0xf98 CMakeFiles/OLED.elf.dir/Middlewares/Third_Party/RealThread_RTOS_RT-Thread/src/thread.c.obj
 .debug_info    0x0000ccd1      0xa31 CMakeFiles/OLED.elf.dir/Middlewares/Third_Party/RealThread_RTOS_RT-Thread/src/timer.c.obj

.debug_abbrev   0x00000000     0x268f
 .debug_abbrev  0x00000000       0xbf CMakeFiles/OLED.elf.dir/Core/Src/gpio.c.obj
 .debug_abbrev  0x000000bf      0x204 CMakeFiles/OLED.elf.dir/Core/Src/main.c.obj
 .debug_abbrev  0x000002c3       0xe5 CMakeFiles/OLED.elf.dir/Core/Src/stm32f1xx_hal_msp.c.obj
 .debug_abbrev  0x000003a8      0x1ff CMakeFiles/OLED.elf.dir/Core/Src/stm32f1xx_hal_timebase_tim.c.obj
 .debug_abbrev  0x000005a7      0x179 CMakeFiles/OLED.elf.dir/Core/Src/stm32f1xx_it.c.obj
 .debug_abbrev  0x00000720      0x13e CMakeFiles/OLED.elf.dir/Core/Src/system_stm32f1xx.c.obj
 .debug_abbrev  0x0000085e       0x12 CMakeFiles/OLED.elf.dir/Core/Startup/startup_stm32f103c6tx.s.obj
 .debug_abbrev  0x00000870      0x1f4 CMakeFiles/OLED.elf.dir/Drivers/STM32F1xx_HAL_Driver/Src/stm32f1xx_hal.c.obj
 .debug_abbrev  0x00000a64      0x341 CMakeFiles/OLED.elf.dir/Drivers/STM32F1xx_HAL_Driver/Src/stm32f1xx_hal_cortex.c.obj
 .debug_abbrev  0x00000da5      0x27a CMakeFiles/OLED.elf.dir/Drivers/STM32F1xx_HAL_Driver/Src/stm32f1xx_hal_rcc.c.obj
 .debug_abbrev  0x0000101f      0x245 CMakeFiles/OLED.elf.dir/Drivers/STM32F1xx_HAL_Driver/Src/stm32f1xx_hal_tim.c.obj
 .debug_abbrev  0x00001264      0x248 CMakeFiles/OLED.elf.dir/Drivers/STM32F1xx_HAL_Driver/Src/stm32f1xx_hal_tim_ex.c.obj
 .debug_abbrev  0x000014ac       0xe3 CMakeFiles/OLED.elf.dir/Middlewares/Third_Party/RealThread_RTOS_RT-Thread/bsp/board.c.obj
 .debug_abbrev  0x0000158f       0x14 CMakeFiles/OLED.elf.dir/Middlewares/Third_Party/RealThread_RTOS_RT-Thread/libcpu/arm/cortex-m3/context_gcc.S.obj
 .debug_abbrev  0x000015a3      0x237 CMakeFiles/OLED.elf.dir/Middlewares/Third_Party/RealThread_RTOS_RT-Thread/libcpu/arm/cortex-m3/cpuport.c.obj
 .debug_abbrev  0x000017da      0x188 CMakeFiles/OLED.elf.dir/Middlewares/Third_Party/RealThread_RTOS_RT-Thread/src/clock.c.obj
 .debug_abbrev  0x00001962       0xbd CMakeFiles/OLED.elf.dir/Middlewares/Third_Party/RealThread_RTOS_RT-Thread/src/irq.c.obj
 .debug_abbrev  0x00001a1f      0x39d CMakeFiles/OLED.elf.dir/Middlewares/Third_Party/RealThread_RTOS_RT-Thread/src/kservice.c.obj
 .debug_abbrev  0x00001dbc      0x25c CMakeFiles/OLED.elf.dir/Middlewares/Third_Party/RealThread_RTOS_RT-Thread/src/scheduler.c.obj
 .debug_abbrev  0x00002018      0x2c0 CMakeFiles/OLED.elf.dir/Middlewares/Third_Party/RealThread_RTOS_RT-Thread/src/thread.c.obj
 .debug_abbrev  0x000022d8      0x3b7 CMakeFiles/OLED.elf.dir/Middlewares/Third_Party/RealThread_RTOS_RT-Thread/src/timer.c.obj

.debug_aranges  0x00000000      0xba8
 .debug_aranges
                0x00000000       0x20 CMakeFiles/OLED.elf.dir/Core/Src/gpio.c.obj
 .debug_aranges
                0x00000020       0x38 CMakeFiles/OLED.elf.dir/Core/Src/main.c.obj
 .debug_aranges
                0x00000058       0x20 CMakeFiles/OLED.elf.dir/Core/Src/stm32f1xx_hal_msp.c.obj
 .debug_aranges
                0x00000078       0x30 CMakeFiles/OLED.elf.dir/Core/Src/stm32f1xx_hal_timebase_tim.c.obj
 .debug_aranges
                0x000000a8       0x48 CMakeFiles/OLED.elf.dir/Core/Src/stm32f1xx_it.c.obj
 .debug_aranges
                0x000000f0       0x28 CMakeFiles/OLED.elf.dir/Core/Src/system_stm32f1xx.c.obj
 .debug_aranges
                0x00000118       0x28 CMakeFiles/OLED.elf.dir/Core/Startup/startup_stm32f103c6tx.s.obj
 .debug_aranges
                0x00000140       0xe0 CMakeFiles/OLED.elf.dir/Drivers/STM32F1xx_HAL_Driver/Src/stm32f1xx_hal.c.obj
 .debug_aranges
                0x00000220       0x90 CMakeFiles/OLED.elf.dir/Drivers/STM32F1xx_HAL_Driver/Src/stm32f1xx_hal_cortex.c.obj
 .debug_aranges
                0x000002b0       0x90 CMakeFiles/OLED.elf.dir/Drivers/STM32F1xx_HAL_Driver/Src/stm32f1xx_hal_rcc.c.obj
 .debug_aranges
                0x00000340      0x3d0 CMakeFiles/OLED.elf.dir/Drivers/STM32F1xx_HAL_Driver/Src/stm32f1xx_hal_tim.c.obj
 .debug_aranges
                0x00000710      0x168 CMakeFiles/OLED.elf.dir/Drivers/STM32F1xx_HAL_Driver/Src/stm32f1xx_hal_tim_ex.c.obj
 .debug_aranges
                0x00000878       0x30 CMakeFiles/OLED.elf.dir/Middlewares/Third_Party/RealThread_RTOS_RT-Thread/bsp/board.c.obj
 .debug_aranges
                0x000008a8       0x20 CMakeFiles/OLED.elf.dir/Middlewares/Third_Party/RealThread_RTOS_RT-Thread/libcpu/arm/cortex-m3/context_gcc.S.obj
 .debug_aranges
                0x000008c8       0x40 CMakeFiles/OLED.elf.dir/Middlewares/Third_Party/RealThread_RTOS_RT-Thread/libcpu/arm/cortex-m3/cpuport.c.obj
 .debug_aranges
                0x00000908       0x40 CMakeFiles/OLED.elf.dir/Middlewares/Third_Party/RealThread_RTOS_RT-Thread/src/clock.c.obj
 .debug_aranges
                0x00000948       0x30 CMakeFiles/OLED.elf.dir/Middlewares/Third_Party/RealThread_RTOS_RT-Thread/src/irq.c.obj
 .debug_aranges
                0x00000978       0xd8 CMakeFiles/OLED.elf.dir/Middlewares/Third_Party/RealThread_RTOS_RT-Thread/src/kservice.c.obj
 .debug_aranges
                0x00000a50       0x58 CMakeFiles/OLED.elf.dir/Middlewares/Third_Party/RealThread_RTOS_RT-Thread/src/scheduler.c.obj
 .debug_aranges
                0x00000aa8       0x90 CMakeFiles/OLED.elf.dir/Middlewares/Third_Party/RealThread_RTOS_RT-Thread/src/thread.c.obj
 .debug_aranges
                0x00000b38       0x70 CMakeFiles/OLED.elf.dir/Middlewares/Third_Party/RealThread_RTOS_RT-Thread/src/timer.c.obj

.debug_ranges   0x00000000      0xb90
 .debug_ranges  0x00000000       0x10 CMakeFiles/OLED.elf.dir/Core/Src/gpio.c.obj
 .debug_ranges  0x00000010       0x28 CMakeFiles/OLED.elf.dir/Core/Src/main.c.obj
 .debug_ranges  0x00000038       0x10 CMakeFiles/OLED.elf.dir/Core/Src/stm32f1xx_hal_msp.c.obj
 .debug_ranges  0x00000048       0x20 CMakeFiles/OLED.elf.dir/Core/Src/stm32f1xx_hal_timebase_tim.c.obj
 .debug_ranges  0x00000068       0x38 CMakeFiles/OLED.elf.dir/Core/Src/stm32f1xx_it.c.obj
 .debug_ranges  0x000000a0       0x18 CMakeFiles/OLED.elf.dir/Core/Src/system_stm32f1xx.c.obj
 .debug_ranges  0x000000b8       0x20 CMakeFiles/OLED.elf.dir/Core/Startup/startup_stm32f103c6tx.s.obj
 .debug_ranges  0x000000d8       0xd0 CMakeFiles/OLED.elf.dir/Drivers/STM32F1xx_HAL_Driver/Src/stm32f1xx_hal.c.obj
 .debug_ranges  0x000001a8       0xe0 CMakeFiles/OLED.elf.dir/Drivers/STM32F1xx_HAL_Driver/Src/stm32f1xx_hal_cortex.c.obj
 .debug_ranges  0x00000288       0xa0 CMakeFiles/OLED.elf.dir/Drivers/STM32F1xx_HAL_Driver/Src/stm32f1xx_hal_rcc.c.obj
 .debug_ranges  0x00000328      0x3c0 CMakeFiles/OLED.elf.dir/Drivers/STM32F1xx_HAL_Driver/Src/stm32f1xx_hal_tim.c.obj
 .debug_ranges  0x000006e8      0x158 CMakeFiles/OLED.elf.dir/Drivers/STM32F1xx_HAL_Driver/Src/stm32f1xx_hal_tim_ex.c.obj
 .debug_ranges  0x00000840       0x20 CMakeFiles/OLED.elf.dir/Middlewares/Third_Party/RealThread_RTOS_RT-Thread/bsp/board.c.obj
 .debug_ranges  0x00000860       0x30 CMakeFiles/OLED.elf.dir/Middlewares/Third_Party/RealThread_RTOS_RT-Thread/libcpu/arm/cortex-m3/cpuport.c.obj
 .debug_ranges  0x00000890       0x30 CMakeFiles/OLED.elf.dir/Middlewares/Third_Party/RealThread_RTOS_RT-Thread/src/clock.c.obj
 .debug_ranges  0x000008c0       0x20 CMakeFiles/OLED.elf.dir/Middlewares/Third_Party/RealThread_RTOS_RT-Thread/src/irq.c.obj
 .debug_ranges  0x000008e0      0x110 CMakeFiles/OLED.elf.dir/Middlewares/Third_Party/RealThread_RTOS_RT-Thread/src/kservice.c.obj
 .debug_ranges  0x000009f0       0x60 CMakeFiles/OLED.elf.dir/Middlewares/Third_Party/RealThread_RTOS_RT-Thread/src/scheduler.c.obj
 .debug_ranges  0x00000a50       0x80 CMakeFiles/OLED.elf.dir/Middlewares/Third_Party/RealThread_RTOS_RT-Thread/src/thread.c.obj
 .debug_ranges  0x00000ad0       0xc0 CMakeFiles/OLED.elf.dir/Middlewares/Third_Party/RealThread_RTOS_RT-Thread/src/timer.c.obj

.debug_line     0x00000000     0xb97d
 .debug_line    0x00000000      0x19f CMakeFiles/OLED.elf.dir/Core/Src/gpio.c.obj
 .debug_line    0x0000019f      0x3ff CMakeFiles/OLED.elf.dir/Core/Src/main.c.obj
 .debug_line    0x0000059e      0x1b2 CMakeFiles/OLED.elf.dir/Core/Src/stm32f1xx_hal_msp.c.obj
 .debug_line    0x00000750      0x346 CMakeFiles/OLED.elf.dir/Core/Src/stm32f1xx_hal_timebase_tim.c.obj
 .debug_line    0x00000a96      0x2d1 CMakeFiles/OLED.elf.dir/Core/Src/stm32f1xx_it.c.obj
 .debug_line    0x00000d67      0x27c CMakeFiles/OLED.elf.dir/Core/Src/system_stm32f1xx.c.obj
 .debug_line    0x00000fe3       0xa8 CMakeFiles/OLED.elf.dir/Core/Startup/startup_stm32f103c6tx.s.obj
 .debug_line    0x0000108b      0x5ae CMakeFiles/OLED.elf.dir/Drivers/STM32F1xx_HAL_Driver/Src/stm32f1xx_hal.c.obj
 .debug_line    0x00001639      0x694 CMakeFiles/OLED.elf.dir/Drivers/STM32F1xx_HAL_Driver/Src/stm32f1xx_hal_cortex.c.obj
 .debug_line    0x00001ccd      0xc79 CMakeFiles/OLED.elf.dir/Drivers/STM32F1xx_HAL_Driver/Src/stm32f1xx_hal_rcc.c.obj
 .debug_line    0x00002946     0x497c CMakeFiles/OLED.elf.dir/Drivers/STM32F1xx_HAL_Driver/Src/stm32f1xx_hal_tim.c.obj
 .debug_line    0x000072c2     0x1bf4 CMakeFiles/OLED.elf.dir/Drivers/STM32F1xx_HAL_Driver/Src/stm32f1xx_hal_tim_ex.c.obj
 .debug_line    0x00008eb6      0x246 CMakeFiles/OLED.elf.dir/Middlewares/Third_Party/RealThread_RTOS_RT-Thread/bsp/board.c.obj
 .debug_line    0x000090fc      0x112 CMakeFiles/OLED.elf.dir/Middlewares/Third_Party/RealThread_RTOS_RT-Thread/libcpu/arm/cortex-m3/context_gcc.S.obj
 .debug_line    0x0000920e      0x291 CMakeFiles/OLED.elf.dir/Middlewares/Third_Party/RealThread_RTOS_RT-Thread/libcpu/arm/cortex-m3/cpuport.c.obj
 .debug_line    0x0000949f      0x1ec CMakeFiles/OLED.elf.dir/Middlewares/Third_Party/RealThread_RTOS_RT-Thread/src/clock.c.obj
 .debug_line    0x0000968b      0x174 CMakeFiles/OLED.elf.dir/Middlewares/Third_Party/RealThread_RTOS_RT-Thread/src/irq.c.obj
 .debug_line    0x000097ff      0xef4 CMakeFiles/OLED.elf.dir/Middlewares/Third_Party/RealThread_RTOS_RT-Thread/src/kservice.c.obj
 .debug_line    0x0000a6f3      0x447 CMakeFiles/OLED.elf.dir/Middlewares/Third_Party/RealThread_RTOS_RT-Thread/src/scheduler.c.obj
 .debug_line    0x0000ab3a      0x76a CMakeFiles/OLED.elf.dir/Middlewares/Third_Party/RealThread_RTOS_RT-Thread/src/thread.c.obj
 .debug_line    0x0000b2a4      0x6d9 CMakeFiles/OLED.elf.dir/Middlewares/Third_Party/RealThread_RTOS_RT-Thread/src/timer.c.obj

.debug_str      0x00000000     0x3b61
 .debug_str     0x00000000      0x1f6 CMakeFiles/OLED.elf.dir/Core/Src/gpio.c.obj
                                0x233 (size before relaxing)
 .debug_str     0x000001f6      0x65c CMakeFiles/OLED.elf.dir/Core/Src/main.c.obj
                                0x881 (size before relaxing)
 .debug_str     0x00000852       0x7c CMakeFiles/OLED.elf.dir/Core/Src/stm32f1xx_hal_msp.c.obj
                                0x26d (size before relaxing)
 .debug_str     0x000008ce      0x3f5 CMakeFiles/OLED.elf.dir/Core/Src/stm32f1xx_hal_timebase_tim.c.obj
                                0xb16 (size before relaxing)
 .debug_str     0x00000cc3       0xb6 CMakeFiles/OLED.elf.dir/Core/Src/stm32f1xx_it.c.obj
                                0x71b (size before relaxing)
 .debug_str     0x00000d79       0xaa CMakeFiles/OLED.elf.dir/Core/Src/system_stm32f1xx.c.obj
                                0x2a2 (size before relaxing)
 .debug_str     0x00000e23       0x58 CMakeFiles/OLED.elf.dir/Core/Startup/startup_stm32f103c6tx.s.obj
                                 0x9b (size before relaxing)
 .debug_str     0x00000e7b      0x2da CMakeFiles/OLED.elf.dir/Drivers/STM32F1xx_HAL_Driver/Src/stm32f1xx_hal.c.obj
                                0x838 (size before relaxing)
 .debug_str     0x00001155      0x3bc CMakeFiles/OLED.elf.dir/Drivers/STM32F1xx_HAL_Driver/Src/stm32f1xx_hal_cortex.c.obj
                                0x8e7 (size before relaxing)
 .debug_str     0x00001511      0x225 CMakeFiles/OLED.elf.dir/Drivers/STM32F1xx_HAL_Driver/Src/stm32f1xx_hal_rcc.c.obj
                                0x679 (size before relaxing)
 .debug_str     0x00001736      0xf06 CMakeFiles/OLED.elf.dir/Drivers/STM32F1xx_HAL_Driver/Src/stm32f1xx_hal_tim.c.obj
                               0x169d (size before relaxing)
 .debug_str     0x0000263c      0x5b6 CMakeFiles/OLED.elf.dir/Drivers/STM32F1xx_HAL_Driver/Src/stm32f1xx_hal_tim_ex.c.obj
                                0xe8e (size before relaxing)
 .debug_str     0x00002bf2       0xfb CMakeFiles/OLED.elf.dir/Middlewares/Third_Party/RealThread_RTOS_RT-Thread/bsp/board.c.obj
                                0x2cb (size before relaxing)
 .debug_str     0x00002ced       0x7a CMakeFiles/OLED.elf.dir/Middlewares/Third_Party/RealThread_RTOS_RT-Thread/libcpu/arm/cortex-m3/context_gcc.S.obj
                                 0xcb (size before relaxing)
 .debug_str     0x00002d67      0x1ea CMakeFiles/OLED.elf.dir/Middlewares/Third_Party/RealThread_RTOS_RT-Thread/libcpu/arm/cortex-m3/cpuport.c.obj
                                0x39d (size before relaxing)
 .debug_str     0x00002f51      0x1df CMakeFiles/OLED.elf.dir/Middlewares/Third_Party/RealThread_RTOS_RT-Thread/src/clock.c.obj
                                0x41d (size before relaxing)
 .debug_str     0x00003130       0x89 CMakeFiles/OLED.elf.dir/Middlewares/Third_Party/RealThread_RTOS_RT-Thread/src/irq.c.obj
                                0x289 (size before relaxing)
 .debug_str     0x000031b9      0x2b1 CMakeFiles/OLED.elf.dir/Middlewares/Third_Party/RealThread_RTOS_RT-Thread/src/kservice.c.obj
                                0x5f2 (size before relaxing)
 .debug_str     0x0000346a      0x247 CMakeFiles/OLED.elf.dir/Middlewares/Third_Party/RealThread_RTOS_RT-Thread/src/scheduler.c.obj
                                0x5ad (size before relaxing)
 .debug_str     0x000036b1      0x379 CMakeFiles/OLED.elf.dir/Middlewares/Third_Party/RealThread_RTOS_RT-Thread/src/thread.c.obj
                                0x835 (size before relaxing)
 .debug_str     0x00003a2a      0x137 CMakeFiles/OLED.elf.dir/Middlewares/Third_Party/RealThread_RTOS_RT-Thread/src/timer.c.obj
                                0x5f9 (size before relaxing)

.comment        0x00000000       0x49
 .comment       0x00000000       0x49 CMakeFiles/OLED.elf.dir/Core/Src/gpio.c.obj
                                 0x4a (size before relaxing)
 .comment       0x00000049       0x4a CMakeFiles/OLED.elf.dir/Core/Src/main.c.obj
 .comment       0x00000049       0x4a CMakeFiles/OLED.elf.dir/Core/Src/stm32f1xx_hal_msp.c.obj
 .comment       0x00000049       0x4a CMakeFiles/OLED.elf.dir/Core/Src/stm32f1xx_hal_timebase_tim.c.obj
 .comment       0x00000049       0x4a CMakeFiles/OLED.elf.dir/Core/Src/stm32f1xx_it.c.obj
 .comment       0x00000049       0x4a CMakeFiles/OLED.elf.dir/Core/Src/system_stm32f1xx.c.obj
 .comment       0x00000049       0x4a CMakeFiles/OLED.elf.dir/Drivers/STM32F1xx_HAL_Driver/Src/stm32f1xx_hal.c.obj
 .comment       0x00000049       0x4a CMakeFiles/OLED.elf.dir/Drivers/STM32F1xx_HAL_Driver/Src/stm32f1xx_hal_cortex.c.obj
 .comment       0x00000049       0x4a CMakeFiles/OLED.elf.dir/Drivers/STM32F1xx_HAL_Driver/Src/stm32f1xx_hal_rcc.c.obj
 .comment       0x00000049       0x4a CMakeFiles/OLED.elf.dir/Drivers/STM32F1xx_HAL_Driver/Src/stm32f1xx_hal_tim.c.obj
 .comment       0x00000049       0x4a CMakeFiles/OLED.elf.dir/Drivers/STM32F1xx_HAL_Driver/Src/stm32f1xx_hal_tim_ex.c.obj
 .comment       0x00000049       0x4a CMakeFiles/OLED.elf.dir/Middlewares/Third_Party/RealThread_RTOS_RT-Thread/bsp/board.c.obj
 .comment       0x00000049       0x4a CMakeFiles/OLED.elf.dir/Middlewares/Third_Party/RealThread_RTOS_RT-Thread/libcpu/arm/cortex-m3/cpuport.c.obj
 .comment       0x00000049       0x4a CMakeFiles/OLED.elf.dir/Middlewares/Third_Party/RealThread_RTOS_RT-Thread/src/clock.c.obj
 .comment       0x00000049       0x4a CMakeFiles/OLED.elf.dir/Middlewares/Third_Party/RealThread_RTOS_RT-Thread/src/irq.c.obj
 .comment       0x00000049       0x4a CMakeFiles/OLED.elf.dir/Middlewares/Third_Party/RealThread_RTOS_RT-Thread/src/kservice.c.obj
 .comment       0x00000049       0x4a CMakeFiles/OLED.elf.dir/Middlewares/Third_Party/RealThread_RTOS_RT-Thread/src/scheduler.c.obj
 .comment       0x00000049       0x4a CMakeFiles/OLED.elf.dir/Middlewares/Third_Party/RealThread_RTOS_RT-Thread/src/thread.c.obj
 .comment       0x00000049       0x4a CMakeFiles/OLED.elf.dir/Middlewares/Third_Party/RealThread_RTOS_RT-Thread/src/timer.c.obj

.debug_frame    0x00000000     0x1f08
 .debug_frame   0x00000000       0x28 CMakeFiles/OLED.elf.dir/Core/Src/gpio.c.obj
 .debug_frame   0x00000028       0x70 CMakeFiles/OLED.elf.dir/Core/Src/main.c.obj
 .debug_frame   0x00000098       0x28 CMakeFiles/OLED.elf.dir/Core/Src/stm32f1xx_hal_msp.c.obj
 .debug_frame   0x000000c0       0x54 CMakeFiles/OLED.elf.dir/Core/Src/stm32f1xx_hal_timebase_tim.c.obj
 .debug_frame   0x00000114       0x78 CMakeFiles/OLED.elf.dir/Core/Src/stm32f1xx_it.c.obj
 .debug_frame   0x0000018c       0x30 CMakeFiles/OLED.elf.dir/Core/Src/system_stm32f1xx.c.obj
 .debug_frame   0x000001bc      0x1cc CMakeFiles/OLED.elf.dir/Drivers/STM32F1xx_HAL_Driver/Src/stm32f1xx_hal.c.obj
 .debug_frame   0x00000388      0x118 CMakeFiles/OLED.elf.dir/Drivers/STM32F1xx_HAL_Driver/Src/stm32f1xx_hal_cortex.c.obj
 .debug_frame   0x000004a0      0x184 CMakeFiles/OLED.elf.dir/Drivers/STM32F1xx_HAL_Driver/Src/stm32f1xx_hal_rcc.c.obj
 .debug_frame   0x00000624      0xb1c CMakeFiles/OLED.elf.dir/Drivers/STM32F1xx_HAL_Driver/Src/stm32f1xx_hal_tim.c.obj
 .debug_frame   0x00001140      0x40c CMakeFiles/OLED.elf.dir/Drivers/STM32F1xx_HAL_Driver/Src/stm32f1xx_hal_tim_ex.c.obj
 .debug_frame   0x0000154c       0x50 CMakeFiles/OLED.elf.dir/Middlewares/Third_Party/RealThread_RTOS_RT-Thread/bsp/board.c.obj
 .debug_frame   0x0000159c       0x7c CMakeFiles/OLED.elf.dir/Middlewares/Third_Party/RealThread_RTOS_RT-Thread/libcpu/arm/cortex-m3/cpuport.c.obj
 .debug_frame   0x00001618       0x70 CMakeFiles/OLED.elf.dir/Middlewares/Third_Party/RealThread_RTOS_RT-Thread/src/clock.c.obj
 .debug_frame   0x00001688       0x50 CMakeFiles/OLED.elf.dir/Middlewares/Third_Party/RealThread_RTOS_RT-Thread/src/irq.c.obj
 .debug_frame   0x000016d8      0x2bc CMakeFiles/OLED.elf.dir/Middlewares/Third_Party/RealThread_RTOS_RT-Thread/src/kservice.c.obj
 .debug_frame   0x00001994       0xc4 CMakeFiles/OLED.elf.dir/Middlewares/Third_Party/RealThread_RTOS_RT-Thread/src/scheduler.c.obj
 .debug_frame   0x00001a58      0x1ac CMakeFiles/OLED.elf.dir/Middlewares/Third_Party/RealThread_RTOS_RT-Thread/src/thread.c.obj
 .debug_frame   0x00001c04      0x118 CMakeFiles/OLED.elf.dir/Middlewares/Third_Party/RealThread_RTOS_RT-Thread/src/timer.c.obj
 .debug_frame   0x00001d1c       0x2c d:/program files/gnu arm embedded toolchain/10 2021.10/bin/../lib/gcc/arm-none-eabi/10.3.1/../../../../arm-none-eabi/lib/thumb/v7-m/nofp\libg.a(lib_a-init.o)
 .debug_frame   0x00001d48       0x2c d:/program files/gnu arm embedded toolchain/10 2021.10/bin/../lib/gcc/arm-none-eabi/10.3.1/../../../../arm-none-eabi/lib/thumb/v7-m/nofp\libg.a(lib_a-memset.o)
 .debug_frame   0x00001d74       0x5c d:/program files/gnu arm embedded toolchain/10 2021.10/bin/../lib/gcc/arm-none-eabi/10.3.1/../../../../arm-none-eabi/lib/thumb/v7-m/nofp\libg.a(lib_a-__call_atexit.o)
 .debug_frame   0x00001dd0       0x20 d:/program files/gnu arm embedded toolchain/10 2021.10/bin/../lib/gcc/arm-none-eabi/10.3.1/../../../../arm-none-eabi/lib/thumb/v7-m/nofp\libg.a(lib_a-atexit.o)
 .debug_frame   0x00001df0       0x34 d:/program files/gnu arm embedded toolchain/10 2021.10/bin/../lib/gcc/arm-none-eabi/10.3.1/../../../../arm-none-eabi/lib/thumb/v7-m/nofp\libg.a(lib_a-fini.o)
 .debug_frame   0x00001e24       0xb0 d:/program files/gnu arm embedded toolchain/10 2021.10/bin/../lib/gcc/arm-none-eabi/10.3.1/../../../../arm-none-eabi/lib/thumb/v7-m/nofp\libg.a(lib_a-lock.o)
 .debug_frame   0x00001ed4       0x34 d:/program files/gnu arm embedded toolchain/10 2021.10/bin/../lib/gcc/arm-none-eabi/10.3.1/../../../../arm-none-eabi/lib/thumb/v7-m/nofp\libg.a(lib_a-__atexit.o)

.debug_loc      0x00000000     0xa74c
 .debug_loc     0x00000000       0x42 CMakeFiles/OLED.elf.dir/Core/Src/main.c.obj
 .debug_loc     0x00000042       0x15 CMakeFiles/OLED.elf.dir/Core/Src/stm32f1xx_hal_msp.c.obj
 .debug_loc     0x00000057       0xd0 CMakeFiles/OLED.elf.dir/Core/Src/stm32f1xx_hal_timebase_tim.c.obj
 .debug_loc     0x00000127       0xff CMakeFiles/OLED.elf.dir/Core/Src/system_stm32f1xx.c.obj
 .debug_loc     0x00000226      0x141 CMakeFiles/OLED.elf.dir/Drivers/STM32F1xx_HAL_Driver/Src/stm32f1xx_hal.c.obj
 .debug_loc     0x00000367      0x71f CMakeFiles/OLED.elf.dir/Drivers/STM32F1xx_HAL_Driver/Src/stm32f1xx_hal_cortex.c.obj
 .debug_loc     0x00000a86      0x618 CMakeFiles/OLED.elf.dir/Drivers/STM32F1xx_HAL_Driver/Src/stm32f1xx_hal_rcc.c.obj
 .debug_loc     0x0000109e     0x5124 CMakeFiles/OLED.elf.dir/Drivers/STM32F1xx_HAL_Driver/Src/stm32f1xx_hal_tim.c.obj
 .debug_loc     0x000061c2     0x1c93 CMakeFiles/OLED.elf.dir/Drivers/STM32F1xx_HAL_Driver/Src/stm32f1xx_hal_tim_ex.c.obj
 .debug_loc     0x00007e55       0x55 CMakeFiles/OLED.elf.dir/Middlewares/Third_Party/RealThread_RTOS_RT-Thread/bsp/board.c.obj
 .debug_loc     0x00007eaa      0x17a CMakeFiles/OLED.elf.dir/Middlewares/Third_Party/RealThread_RTOS_RT-Thread/libcpu/arm/cortex-m3/cpuport.c.obj
 .debug_loc     0x00008024       0xdc CMakeFiles/OLED.elf.dir/Middlewares/Third_Party/RealThread_RTOS_RT-Thread/src/clock.c.obj
 .debug_loc     0x00008100       0x2a CMakeFiles/OLED.elf.dir/Middlewares/Third_Party/RealThread_RTOS_RT-Thread/src/irq.c.obj
 .debug_loc     0x0000812a     0x1675 CMakeFiles/OLED.elf.dir/Middlewares/Third_Party/RealThread_RTOS_RT-Thread/src/kservice.c.obj
 .debug_loc     0x0000979f      0x22b CMakeFiles/OLED.elf.dir/Middlewares/Third_Party/RealThread_RTOS_RT-Thread/src/scheduler.c.obj
 .debug_loc     0x000099ca      0x71a CMakeFiles/OLED.elf.dir/Middlewares/Third_Party/RealThread_RTOS_RT-Thread/src/thread.c.obj
 .debug_loc     0x0000a0e4      0x668 CMakeFiles/OLED.elf.dir/Middlewares/Third_Party/RealThread_RTOS_RT-Thread/src/timer.c.obj
